timestamp=20260304-095129
serial=RR8NB087YTF

[device.props]
samsung
SM-A515F
a51
13
2023-08-01

[battery]
Current Battery Service state:
  AC powered: false
  USB powered: false
  Wireless powered: false
  Max charging current: 0
  Max charging voltage: 0
  Charge counter: 2797536
  status: 3
  health: 2
  present: true
  level: 73
  scale: 100
  voltage: 3868
  temperature: 370
  technology: Li-ion
  batteryMiscEvent: 131072
  batteryCurrentEvent: 65536
  mSecPlugTypeSummary: 65536
  LED Charging: true
  LED Low Battery: true
  current now: -306
  charge counter: 2797536
  Adaptive Fast Charging Settings: false
  Super Fast Charging Settings: false
FEATURE_WIRELESS_FAST_CHARGER_CONTROL: true
  mWasUsedWirelessFastChargerPreviously: false
  mWirelessFastChargingSettingsEnable: true
LLB CAL: 20201204
LLB MAN: 
LLB CURRENT: YEAR2026M3D3
LLB DIFF: 273
  mSavedBatteryBeginningDate: 0
SEC_FEATURE_BATTERY_FULL_CAPACITY: true
  mFullCapacityEnable: true
FEATURE_HICCUP_CONTROL: true
FEATURE_SUPPORTED_DAILY_BOARD: false
SEC_FEATURE_BATTERY_LIFE_EXTENDER: false
SEC_FEATURE_USE_WIRELESS_POWER_SHARING: false
BatteryInfoBackUp
  mSavedBatteryAsoc: 88

[thermal]
IsStatusOverride: false
ThermalEventListeners:
	callbacks: 2
	killed: false
	broadcasts count: -1
ThermalStatusListeners:
	callbacks: 4
	killed: false
	broadcasts count: -1
Thermal Status: 0
Cached temperatures:
	Temperature{mValue=36.1, mType=0, mName=AP, mStatus=0}
	Temperature{mValue=37.0, mType=2, mName=BAT, mStatus=0}
	Temperature{mValue=0.0, mType=4, mName=USB, mStatus=0}
	Temperature{mValue=36.0, mType=3, mName=SKIN, mStatus=0}
HAL Ready: true
HAL connection:
	ThermalHAL 2.0 connected: yes
Current temperatures from HAL:
	Temperature{mValue=36.1, mType=0, mName=AP, mStatus=0}
	Temperature{mValue=37.0, mType=2, mName=BAT, mStatus=0}
	Temperature{mValue=36.0, mType=3, mName=SKIN, mStatus=0}
	Temperature{mValue=0.0, mType=4, mName=USB, mStatus=0}
Current cooling devices from HAL:
Temperature static thresholds from HAL:

[memory]
MemTotal:        7762156 kB
MemFree:          495864 kB
MemAvailable:    4710024 kB
Buffers:            6932 kB
Cached:          4314796 kB
SwapCached:        91024 kB
Active:          3883484 kB
Inactive:        1885700 kB
Active(anon):    1019952 kB
Inactive(anon):   443204 kB
Active(file):    2863532 kB
Inactive(file):  1442496 kB
Unevictable:        2668 kB
Mlocked:            2668 kB
SwapTotal:       4194300 kB
SwapFree:        3608828 kB
Dirty:               252 kB
Writeback:             0 kB
AnonPages:       1441960 kB
Mapped:           829760 kB

[storage]
Filesystem       Size Used Avail Use% Mounted on
/dev/block/sda32 230G  53G  177G  24% /data/user/0

[benchmark.settings]
stay_on_while_plugged_in=0
window_animation_scale=1
transition_animation_scale=1
animator_duration_scale=1
screen_off_timeout=1800000
