timestamp=20260304-091744
serial=RR8NB087YTF

[device.props]
samsung
SM-A515F
a51
13
2023-08-01

[battery]
Current Battery Service state:
  AC powered: false
  USB powered: false
  Wireless powered: false
  Max charging current: 0
  Max charging voltage: 0
  Charge counter: 3063606
  status: 3
  health: 2
  present: true
  level: 80
  scale: 100
  voltage: 3926
  temperature: 353
  technology: Li-ion
  batteryMiscEvent: 131072
  batteryCurrentEvent: 65536
  mSecPlugTypeSummary: 65536
  LED Charging: true
  LED Low Battery: true
  current now: -291
  charge counter: 3063606
  Adaptive Fast Charging Settings: false
  Super Fast Charging Settings: false
FEATURE_WIRELESS_FAST_CHARGER_CONTROL: true
  mWasUsedWirelessFastChargerPreviously: false
  mWirelessFastChargingSettingsEnable: true
LLB CAL: 20201204
LLB MAN: 
LLB CURRENT: YEAR2026M3D3
LLB DIFF: 273
  mSavedBatteryBeginningDate: 0
SEC_FEATURE_BATTERY_FULL_CAPACITY: true
  mFullCapacityEnable: true
FEATURE_HICCUP_CONTROL: true
FEATURE_SUPPORTED_DAILY_BOARD: false
SEC_FEATURE_BATTERY_LIFE_EXTENDER: false
SEC_FEATURE_USE_WIRELESS_POWER_SHARING: false
BatteryInfoBackUp
  mSavedBatteryAsoc: 88

[thermal]
IsStatusOverride: false
ThermalEventListeners:
	callbacks: 2
	killed: false
	broadcasts count: -1
ThermalStatusListeners:
	callbacks: 4
	killed: false
	broadcasts count: -1
Thermal Status: 0
Cached temperatures:
	Temperature{mValue=35.1, mType=0, mName=AP, mStatus=0}
	Temperature{mValue=35.3, mType=2, mName=BAT, mStatus=0}
	Temperature{mValue=0.0, mType=4, mName=USB, mStatus=0}
	Temperature{mValue=34.9, mType=3, mName=SKIN, mStatus=0}
HAL Ready: true
HAL connection:
	ThermalHAL 2.0 connected: yes
Current temperatures from HAL:
	Temperature{mValue=35.1, mType=0, mName=AP, mStatus=0}
	Temperature{mValue=35.3, mType=2, mName=BAT, mStatus=0}
	Temperature{mValue=34.9, mType=3, mName=SKIN, mStatus=0}
	Temperature{mValue=0.0, mType=4, mName=USB, mStatus=0}
Current cooling devices from HAL:
Temperature static thresholds from HAL:

[memory]
MemTotal:        7762156 kB
MemFree:          292168 kB
MemAvailable:    4505260 kB
Buffers:            6916 kB
Cached:          4312640 kB
SwapCached:        84156 kB
Active:          4145504 kB
Inactive:        1878636 kB
Active(anon):    1284528 kB
Inactive(anon):   434660 kB
Active(file):    2860976 kB
Inactive(file):  1443976 kB
Unevictable:        2668 kB
Mlocked:            2668 kB
SwapTotal:       4194300 kB
SwapFree:        3632124 kB
Dirty:               264 kB
Writeback:             0 kB
AnonPages:       1698940 kB
Mapped:           901788 kB

[storage]
Filesystem       Size Used Avail Use% Mounted on
/dev/block/sda32 230G  53G  177G  24% /data/user/0

[benchmark.settings]
stay_on_while_plugged_in=0
window_animation_scale=1
transition_animation_scale=1
animator_duration_scale=1
screen_off_timeout=1800000
